---
source: tests/models/main.rs
expression: non_existing_user_results
---
Err(
    EntityNotFound,
)
